###############################################################################
#                                                                             #
# IAR ELF Linker V6.30.1.53127/W32 for ARM              03/Jul/2013  19:18:08 #
# Copyright 2007-2011 IAR Systems AB.                                         #
#                                                                             #
#    Output file  =  C:\Users\Kevin.HU\Desktop\SmartCar                       #
#                    Training\inno-IAR\build\demo\Flash\Exe\demo1.out         #
#    Map file     =  C:\Users\Kevin.HU\Desktop\SmartCar                       #
#                    Training\inno-IAR\build\demo\Flash\List\demo1.map        #
#    Command line =  "C:\Users\Kevin.HU\Desktop\SmartCar                      #
#                    Training\inno-IAR\build\demo\Flash\Obj\FTM.o"            #
#                    "C:\Users\Kevin.HU\Desktop\SmartCar                      #
#                    Training\inno-IAR\build\demo\Flash\Obj\LED.o"            #
#                    "C:\Users\Kevin.HU\Desktop\SmartCar                      #
#                    Training\inno-IAR\build\demo\Flash\Obj\PIT.o"            #
#                    "C:\Users\Kevin.HU\Desktop\SmartCar                      #
#                    Training\inno-IAR\build\demo\Flash\Obj\alloc.o"          #
#                    "C:\Users\Kevin.HU\Desktop\SmartCar                      #
#                    Training\inno-IAR\build\demo\Flash\Obj\arm_cm4.o"        #
#                    "C:\Users\Kevin.HU\Desktop\SmartCar                      #
#                    Training\inno-IAR\build\demo\Flash\Obj\assert.o"         #
#                    "C:\Users\Kevin.HU\Desktop\SmartCar                      #
#                    Training\inno-IAR\build\demo\Flash\Obj\crt0.o"           #
#                    "C:\Users\Kevin.HU\Desktop\SmartCar                      #
#                    Training\inno-IAR\build\demo\Flash\Obj\delay.o"          #
#                    "C:\Users\Kevin.HU\Desktop\SmartCar                      #
#                    Training\inno-IAR\build\demo\Flash\Obj\exti.o"           #
#                    "C:\Users\Kevin.HU\Desktop\SmartCar                      #
#                    Training\inno-IAR\build\demo\Flash\Obj\fuzzy.o"          #
#                    "C:\Users\Kevin.HU\Desktop\SmartCar                      #
#                    Training\inno-IAR\build\demo\Flash\Obj\gpio.o"           #
#                    "C:\Users\Kevin.HU\Desktop\SmartCar                      #
#                    Training\inno-IAR\build\demo\Flash\Obj\io.o"             #
#                    "C:\Users\Kevin.HU\Desktop\SmartCar                      #
#                    Training\inno-IAR\build\demo\Flash\Obj\isr.o"            #
#                    "C:\Users\Kevin.HU\Desktop\SmartCar                      #
#                    Training\inno-IAR\build\demo\Flash\Obj\lptmr.o"          #
#                    "C:\Users\Kevin.HU\Desktop\SmartCar                      #
#                    Training\inno-IAR\build\demo\Flash\Obj\main.o"           #
#                    "C:\Users\Kevin.HU\Desktop\SmartCar                      #
#                    Training\inno-IAR\build\demo\Flash\Obj\mcg.o"            #
#                    "C:\Users\Kevin.HU\Desktop\SmartCar                      #
#                    Training\inno-IAR\build\demo\Flash\Obj\memtest.o"        #
#                    "C:\Users\Kevin.HU\Desktop\SmartCar                      #
#                    Training\inno-IAR\build\demo\Flash\Obj\printf.o"         #
#                    "C:\Users\Kevin.HU\Desktop\SmartCar                      #
#                    Training\inno-IAR\build\demo\Flash\Obj\queue.o"          #
#                    "C:\Users\Kevin.HU\Desktop\SmartCar                      #
#                    Training\inno-IAR\build\demo\Flash\Obj\start.o"          #
#                    "C:\Users\Kevin.HU\Desktop\SmartCar                      #
#                    Training\inno-IAR\build\demo\Flash\Obj\startup.o"        #
#                    "C:\Users\Kevin.HU\Desktop\SmartCar                      #
#                    Training\inno-IAR\build\demo\Flash\Obj\stdlib.o"         #
#                    "C:\Users\Kevin.HU\Desktop\SmartCar                      #
#                    Training\inno-IAR\build\demo\Flash\Obj\sysinit.o"        #
#                    "C:\Users\Kevin.HU\Desktop\SmartCar                      #
#                    Training\inno-IAR\build\demo\Flash\Obj\uart.o"           #
#                    "C:\Users\Kevin.HU\Desktop\SmartCar                      #
#                    Training\inno-IAR\build\demo\Flash\Obj\uif.o"            #
#                    "C:\Users\Kevin.HU\Desktop\SmartCar                      #
#                    Training\inno-IAR\build\demo\Flash\Obj\vectors.o"        #
#                    "C:\Users\Kevin.HU\Desktop\SmartCar                      #
#                    Training\inno-IAR\build\demo\Flash\Obj\wdog.o"           #
#                    --redirect _Printf=_PrintfFull --redirect                #
#                    _Scanf=_ScanfFull -o "C:\Users\Kevin.HU\Desktop\SmartCar #
#                     Training\inno-IAR\build\demo\Flash\Exe\demo1.out"       #
#                    --map "C:\Users\Kevin.HU\Desktop\SmartCar                #
#                    Training\inno-IAR\build\demo\Flash\List\demo1.map"       #
#                    --config "C:\Users\Kevin.HU\Desktop\SmartCar             #
#                    Training\inno-IAR\build\demo\..\config                   #
#                    files\256KB_Pflash.icf" --entry __iar_program_start      #
#                    --inline --vfe                                           #
#                                                                             #
#                                                                             #
###############################################################################

*******************************************************************************
*** RUNTIME MODEL ATTRIBUTES
***

CppFlavor       = *
__SystemLibrary = DLib


*******************************************************************************
*** PLACEMENT SUMMARY
***

"A1":  place at 0x00000000 { ro section .intvec };
"A2":  place at 0x00000410 { ro section .noinit };
"P1":  place in [from 0x00000000 to 0x00040000] { ro, block CodeRelocate };
"P2":  place in [from 0x1fff8410 to 0x20008000] {
          rw, block CodeRelocateRam, block CSTACK, block HEAP };

  Section              Kind        Address    Size  Object
  -------              ----        -------    ----  ------
"A1":                                        0x410
  .intvec              const    0x00000000   0x410  vectors.o [1]
                              - 0x00000410   0x410

"A2":                                         0x3c
  .noinit              ro code  0x00000410    0x3c  crt0.o [1]
                              - 0x0000044c    0x3c

"P1":                                       0x1a94
  .text                ro code  0x0000044c   0x4c4  printf.o [1]
  .text                ro code  0x00000910    0x1a  stdlib.o [1]
  .text                ro code  0x0000092a    0x22  zero_init3.o [5]
  .text                ro code  0x0000094c   0x3ac  FTM.o [1]
  .text                ro code  0x00000cf8     0xc  assert.o [1]
  .text                ro code  0x00000d04    0xc0  LED.o [1]
  .text                ro code  0x00000dc4    0xf0  gpio.o [1]
  .text                ro code  0x00000eb4    0x20  delay.o [1]
  Veneer               ro code  0x00000ed4     0x8  - Linker created -
  .text                ro code  0x00000edc   0x30c  mcg.o [1]
  .text                ro code  0x000011e8   0x1fc  main.o [1]
  .text                ro code  0x000013e4    0x2e  I32ToFlt.o [4]
  .text                ro code  0x00001414    0xd8  FltMul.o [4]
  .text                ro code  0x000014ec    0x84  FltAdd.o [4]
  .text                ro code  0x00001570    0xe6  FltSub.o [4]
  .text                ro code  0x00001658    0x68  exti.o [1]
  .text                ro code  0x000016c0   0x1f8  uart.o [1]
  .text                ro code  0x000018b8    0x1c  FltCmpEq.o [4]
  .text                ro code  0x000018d4    0x24  FltCmpGe.o [4]
  .text                ro code  0x000018f8    0x24  FltCmpLe.o [4]
  .text                ro code  0x0000191c    0x24  FltToU32.o [4]
  .text                ro code  0x00001940    0xb8  arm_cm4.o [1]
  .text                ro code  0x000019f8    0xbc  isr.o [1]
  .text                ro code  0x00001ab4    0x9c  startup.o [1]
  .text                ro code  0x00001b50    0x98  sysinit.o [1]
  .data_init                    0x00001be8    0x60  <Block>
    Initializer bytes  ro data  0x00001be8    0x60  <for .data-1>
  .rodata              const    0x00001c48    0x50  gpio.o [1]
  .rodata              const    0x00001c98    0x50  uart.o [1]
  .rodata              const    0x00001ce8    0x4c  FTM.o [1]
  CodeRelocate                  0x00001d34    0x4c  <Block>
    Initializer bytes  ro data  0x00001d34    0x4c  <for CodeRelocateRam-1>
  .rodata              const    0x00001d80    0x38  arm_cm4.o [1]
  .text                ro code  0x00001db8    0x38  wdog.o [1]
  .rodata              const    0x00001df0    0x30  vectors.o [1]
  .text                ro code  0x00001e20    0x2c  data_init3.o [5]
  .iar.init_table      const    0x00001e4c    0x10  - Linker created -
  .text                ro code  0x00001e5c    0x20  vectors.o [1]
  .text                ro code  0x00001e7c    0x16  cmain.o [5]
  .text                ro code  0x00001e92     0x4  exit.o [3]
  .text                ro code  0x00001e98     0xa  cexit.o [5]
  .text                ro code  0x00001ea4     0xc  XXexit.o [5]
  .text                ro code  0x00001eb0    0x14  start.o [1]
  .text                ro code  0x00001ec4     0xe  io.o [1]
  .text                ro code  0x00001ed2     0xc  cstartup_M.o [5]
  .rodata              const    0x00001ede     0x0  bwt_init3c.o [5]
                              - 0x00001ede  0x1a92

"P2", part 1 of 2:                            0xac
  .data                         0x1fff8410    0x60  <Block>
    .data-1                     0x1fff8410    0x60  <Init block>
      .data            inited   0x1fff8410     0xc  FTM.o [1]
      .data            inited   0x1fff841c    0x14  gpio.o [1]
      .data            inited   0x1fff8430    0x14  gpio.o [1]
      .data            inited   0x1fff8444     0x4  isr.o [1]
      .data            inited   0x1fff8448     0x4  main.o [1]
      .data            inited   0x1fff844c     0x4  main.o [1]
      .data            inited   0x1fff8450     0x8  mcg.o [1]
      .data            inited   0x1fff8458    0x18  uart.o [1]
  CodeRelocateRam               0x1fff8470    0x4c  <Block>
    CodeRelocateRam-1           0x1fff8470    0x4c  <Init block>
      .textrw          inited   0x1fff8470    0x4c  mcg.o [1]
                              - 0x1fff84bc    0xac

"P2", part 2 of 2:                          0x2a0c
  .bss                          0x1fff84bc  0x2a0c  <Block>
    .bss               zero     0x1fff84bc  0x29e8  isr.o [1]
    .bss               zero     0x1fffaea4     0x4  isr.o [1]
    .bss               zero     0x1fffaea8     0x4  main.o [1]
    .bss               zero     0x1fffaeac     0x4  main.o [1]
    .bss               zero     0x1fffaeb0     0x4  main.o [1]
    .bss               zero     0x1fffaeb4     0x4  main.o [1]
    .bss               zero     0x1fffaeb8     0x4  main.o [1]
    .bss               zero     0x1fffaebc     0x4  sysinit.o [1]
    .bss               zero     0x1fffaec0     0x4  sysinit.o [1]
    .bss               zero     0x1fffaec4     0x4  sysinit.o [1]
                              - 0x1fffaec8  0x2a0c


*******************************************************************************
*** INIT TABLE
***

          Address     Size
          -------     ----
Zero (__iar_zero_init3)
    1 destination range, total size 0x2a0c:
          0x1fff84bc  0x2a0c



*******************************************************************************
*** MODULE SUMMARY
***

    Module          ro code  rw code  ro data  rw data
    ------          -------  -------  -------  -------
C:\Users\Kevin.HU\Desktop\SmartCar Training\inno-IAR\build\demo\Flash\Obj: [1]
    FTM.o               940                88       12
    LED.o               192
    arm_cm4.o           184                56
    assert.o             12
    crt0.o               60
    delay.o              32
    exti.o              104
    gpio.o              240               120       40
    io.o                 14
    isr.o               188                 4   10 736
    main.o              508                 8       28
    mcg.o               780       76       84        8
    printf.o          1 220
    start.o              20
    startup.o           156
    stdlib.o             26
    sysinit.o           152                         12
    uart.o              504               104       24
    vectors.o            32             1 088
    wdog.o               56
    --------------------------------------------------
    Total:            5 420       76    1 552   10 860

command line: [2]
    --------------------------------------------------
    Total:

dl7M_tln.a: [3]
    exit.o                4
    --------------------------------------------------
    Total:                4

m7M_tl.a: [4]
    FltAdd.o            132
    FltCmpEq.o           28
    FltCmpGe.o           36
    FltCmpLe.o           36
    FltMul.o            216
    FltSub.o            230
    FltToU32.o           36
    I32ToFlt.o           46
    --------------------------------------------------
    Total:              760

rt7M_tl.a: [5]
    XXexit.o             12
    bwt_init3c.o
    cexit.o              10
    cmain.o              22
    cstartup_M.o         12
    data_init3.o         44
    zero_init3.o         34
    --------------------------------------------------
    Total:              134

    Gaps                  8
    Linker created        8                16
------------------------------------------------------
    Grand Total:      6 334       76    1 568   10 860


*******************************************************************************
*** ENTRY LIST
***

Entry                      Address    Size  Type      Object
-----                      -------    ----  ----      ------
.bss$$Base              0x1fff84bc           --   Gb  - Linker created -
.bss$$Limit             0x1fffaec8           --   Gb  - Linker created -
.data$$Base             0x1fff8410           --   Gb  - Linker created -
.data$$Limit            0x1fff8470           --   Gb  - Linker created -
.data_init$$Base        0x00001be8           --   Gb  - Linker created -
.data_init$$Limit       0x00001c48           --   Gb  - Linker created -
?main                   0x00001e7d          Code  Gb  cmain.o [5]
CodeRelocate$$Base      0x00001d34           --   Gb  - Linker created -
CodeRelocate$$Limit     0x00001d80           --   Gb  - Linker created -
CodeRelocateRam$$Base   0x1fff8470           --   Gb  - Linker created -
CodeRelocateRam$$Limit  0x1fff84bc           --   Gb  - Linker created -
FTM_PWM_Duty            0x00000c45    0x6c  Code  Gb  FTM.o [1]
FTM_PWM_init            0x0000094d   0x2f8  Code  Gb  FTM.o [1]
FTMx                    0x1fff8410     0xc  Data  Gb  FTM.o [1]
GPIOx                   0x1fff841c    0x14  Data  Gb  gpio.o [1]
LED_init                0x00000d05    0x34  Code  Gb  LED.o [1]
LED_turn                0x00000d59     0xe  Code  Gb  LED.o [1]
PORTB_IRQHandler        0x000019f9    0xbc  Code  Gb  isr.o [1]
PORTX                   0x1fff8430    0x14  Data  Gb  gpio.o [1]
Region$$Table$$Base     0x00001e4c           --   Gb  - Linker created -
Region$$Table$$Limit    0x00001e5c           --   Gb  - Linker created -
Reset_Handler           0x00000411          Code  Gb  crt0.o [1]
UARTx                   0x1fff8458    0x18  Data  Gb  uart.o [1]
__BOOT_STACK_ADDRESS {Abs}
                        0x20007ff8           --   Gb  command line/config [2]
__VECTOR_RAM {Abs}      0x1fff8000           --   Gb  command line/config [2]
__VECTOR_TABLE {Abs}    0x00000000           --   Gb  command line/config [2]
__aeabi_cfcmpeq         0x000018b9          Code  Gb  FltCmpEq.o [4]
__aeabi_cfcmple         0x000018f9          Code  Gb  FltCmpLe.o [4]
__aeabi_cfrcmple        0x000018d5          Code  Gb  FltCmpGe.o [4]
__aeabi_f2uiz           0x0000191d          Code  Gb  FltToU32.o [4]
__aeabi_fadd            0x000014ed          Code  Gb  FltAdd.o [4]
__aeabi_fmul            0x00001415          Code  Gb  FltMul.o [4]
__aeabi_fsub            0x00001571          Code  Gb  FltSub.o [4]
__aeabi_i2f             0x000013e5          Code  Gb  I32ToFlt.o [4]
__cmain                 0x00001e7d          Code  Gb  cmain.o [5]
__exit                  0x00001ea5          Code  Gb  XXexit.o [5]
__iar_SB                0x00001ede          Data  Gb  bwt_init3c.o [5]
__iar_data_init3        0x00001e21    0x2c  Code  Gb  data_init3.o [5]
__iar_fadd              0x000014fd          Code  Gb  FltAdd.o [4]
__iar_fsub              0x00001581          Code  Gb  FltSub.o [4]
__iar_fsubStart         0x00001591          Code  Gb  FltSub.o [4]
__iar_program_start     0x00001ed3          Code  Gb  cstartup_M.o [5]
__iar_ui2f              0x000013f9          Code  Gb  I32ToFlt.o [4]
__iar_zero_init3        0x0000092b    0x22  Code  Gb  zero_init3.o [5]
__vector_table          0x00000000   0x410  Data  Gb  vectors.o [1]
_call_main              0x00001e89          Code  Gb  cmain.o [5]
_exit                   0x00001e99          Code  Gb  cexit.o [5]
_main                   0x00001e8f          Code  Gb  cmain.o [5]
area_L                  0x1fffaea8     0x4  Data  Gb  main.o [1]
area_R                  0x1fffaeac     0x4  Data  Gb  main.o [1]
area_cal                0x000011e9    0xb0  Code  Gb  main.o [1]
assert_failed           0x00000cf9     0xc  Code  Gb  assert.o [1]
bus_clk_khz             0x1fffaec4     0x4  Data  Gb  sysinit.o [1]
common_startup          0x00001ab5    0x9c  Code  Gb  startup.o [1]
core_clk_khz            0x1fffaebc     0x4  Data  Gb  sysinit.o [1]
core_clk_mhz            0x1fffaec0     0x4  Data  Gb  sysinit.o [1]
cur_line                0x1fffaea4     0x4  Data  Gb  isr.o [1]
cur_line_start          0x1fff8444     0x4  Data  Gb  isr.o [1]
data                    0x1fff84bc  0x29e8  Data  Gb  isr.o [1]
default_isr             0x00001e5d    0x20  Code  Gb  vectors.o [1]
delayms                 0x00000eb5    0x1a  Code  Gb  delay.o [1]
enable_irq              0x00001947    0x92  Code  Gb  arm_cm4.o [1]
exit                    0x00001e93     0x4  Code  Gb  exit.o [3]
exti_init               0x00001659    0x68  Code  Gb  exti.o [1]
fb_clk_init             0x00001bad    0x16  Code  Gb  sysinit.o [1]
gpio_init               0x00000dc5    0xb4  Code  Gb  gpio.o [1]
gpio_turn               0x00000e79    0x30  Code  Gb  gpio.o [1]
initialization          0x000012d5    0x70  Code  Gb  main.o [1]
led                     0x00000d39    0x20  Code  Gb  LED.o [1]
main                    0x00001345    0x66  Code  Gb  main.o [1]
mcg_div                 0x1fff8450     0x8  Data  Gb  mcg.o [1]
out_char                0x00001ec5     0xe  Code  Gb  io.o [1]
pll_init                0x00000edd   0x30c  Code  Gb  mcg.o [1]
printf                  0x000008ef    0x1e  Code  Gb  printf.o [1]
printk                  0x00000525   0x3ca  Code  Gb  printf.o [1]
printk_mknumstr         0x00000479    0x70  Code  Lc  printf.o [1]
printk_pad_space        0x00000507    0x1e  Code  Lc  printf.o [1]
printk_pad_zero         0x000004e9    0x1e  Code  Lc  printf.o [1]
printk_putc             0x0000044d    0x2c  Code  Lc  printf.o [1]
servo_error             0x1fffaeb0     0x4  Data  Gb  main.o [1]
servo_kd                0x1fff844c     0x4  Data  Gb  main.o [1]
servo_kp                0x1fff8448     0x4  Data  Gb  main.o [1]
servo_old_error         0x1fffaeb4     0x4  Data  Gb  main.o [1]
servo_output            0x1fffaeb8     0x4  Data  Gb  main.o [1]
servo_pid               0x00001299    0x3c  Code  Gb  main.o [1]
set_sys_dividers        0x1fff8471    0x4c  Code  Gb  mcg.o [1]
start                   0x00001eb1    0x14  Code  Gb  start.o [1]
strlen                  0x00000911    0x1a  Code  Gb  stdlib.o [1]
sysinit                 0x00001b51    0x46  Code  Gb  sysinit.o [1]
trace_clk_init          0x00001b97    0x16  Code  Gb  sysinit.o [1]
uart_init               0x000016c1   0x19c  Code  Gb  uart.o [1]
uart_putchar            0x0000185d    0x1a  Code  Gb  uart.o [1]
water_lights            0x00000d67    0x5a  Code  Gb  LED.o [1]
wdog_disable            0x00001db9    0x16  Code  Gb  wdog.o [1]
wdog_unlock             0x00001dd1    0x16  Code  Gb  wdog.o [1]
write_vtor              0x00001941     0x6  Code  Gb  arm_cm4.o [1]


[1] = C:\Users\Kevin.HU\Desktop\SmartCar Training\inno-IAR\build\demo\Flash\Obj
[2] = command line
[3] = dl7M_tln.a
[4] = m7M_tl.a
[5] = rt7M_tl.a

   6 334 bytes of readonly  code memory
      76 bytes of readwrite code memory
   1 568 bytes of readonly  data memory
  10 860 bytes of readwrite data memory

Errors: none
Warnings: none
